// 重构日志: f33084a6
// 重构日志: 18fbe1ea
// 重构日志: 97311120
// 同步 ID: 6828e92a @ Sat Jul 18 09:33:49 UTC 2026
// 重构日志: 643db0ae
// 重构日志: c4583fd2
// 重构日志: 46f889e4
// 同步 ID: a679d640 @ Mon Jul 20 13:57:58 UTC 2026
// 重构日志: ce81b9c4
// 重构日志: bf3cedb2
// 重构日志: 3d622618
// 同步 ID: 7a1c3b89 @ Thu Jul 23 18:14:30 UTC 2026
// 重构日志: b68d8f48
// 重构日志: cc65a721
// 重构日志: eb9dc04e
// 重构日志: deee15e1
// 同步 ID: fcc0251c @ Mon Jul 27 16:10:59 UTC 2026
// 同步 ID: faf0d5de @ Tue Jul 28 07:28:58 UTC 2026
// 同步 ID: c70a238b @ Thu Jul 30 08:27:11 UTC 2026
// 重构日志: c9be6c8e
// 同步 ID: 5331d55b @ Thu Jul 30 18:22:02 UTC 2026
// 同步 ID: 57703339 @ Fri Jul 31 04:26:51 UTC 2026
// 重构日志: d3405abd
// 重构日志: e0a06da6
// 重构日志: 8b316b0a
// 同步 ID: 3e248ece @ Sun Aug  2 05:06:52 UTC 2026
// 同步 ID: a53c91d4 @ Sun Aug  2 10:52:34 UTC 2026
// 重构日志: b5f26623
// 同步 ID: cf759a21 @ Tue Aug  4 17:27:34 UTC 2026
// 同步 ID: 1a36e468 @ Tue Aug  4 23:12:04 UTC 2026
